// Jest Snapshot v1, https://goo.gl/fbAQLP

exports[`Logo should render correctly 1`] = `
<div>
  <img
    alt="logo"
    class="sc-bdvvtL emhHcc"
    src="default"
  />
</div>
`;
